[brunoperettiblog.blogspot.com/index.html]
[backblue.gif]
[fade.gif]
[index.html]
[brunoperettiblog.blogspot.com/favicon.ico]
[brunoperettiblog.blogspot.com/feeds/posts/default]
[brunoperettiblog.blogspot.com/feeds/posts/default9522]
[brunoperettiblog.blogspot.com/https.3.delayed]
[www.gstatic.com/external_hosted/clipboardjs/clipboard.min.js]
[brunoperettiblog.blogspot.com/responsive/sprite_v1_6.css.svg]
[brunoperettiblog.blogspot.com/2021/06/4-exercicios-para-tornear-o-bumbum.html]
[brunoperettiblog.blogspot.com/2021/06/quer-afinar-cintura-5-alimentos-que.html]
[brunoperettiblog.blogspot.com/2021/06/crise-da-meia-idade-saiba-como-lidar.html]
[brunoperettiblog.blogspot.com/2021/06/como-emagrecer-depois-dos-30-anos.html]
[brunoperettiblog.blogspot.com/2021/06/exercicio-na-meia-idade-chega-de-gritar.html]
[brunoperettiblog.blogspot.com/2021/06/vantagens-do-treino-personalizado.html]
[brunoperettiblog.blogspot.com/2021/06/a-importancia-do-treino-personalizado.html]
[brunoperettiblog.blogspot.com/search1c3f.html]
[resources.blogblog.com/blogblog/data/res/2297987710-indie_compiled.js]
[www.blogger.com/static/v1/widgets/4165186901-widgets.js]
[brunoperettiblog.blogspot.com/index.html]
[brunoperettiblog.blogspot.com/https.html]
[brunoperettiblog.blogspot.com/responsive/sprite_v1_6.css.svg]
[brunoperettiblog.blogspot.com/2021/06/index.html]
[brunoperettiblog.blogspot.com/feeds/7413627858355565731/comments/default]
[brunoperetti.com.br/wp-content/uploads/2020/09/Dica-de-ouro-para-a-pele-perfeita.png]
[brunoperettiblog.blogspot.com/2021/06/https.12.delayed]
[brunoperetti.com.br/wp-content/uploads/2020/09/exercicios-para-bumbum-7-300x211.jpg]
[brunoperetti.com.br/wp-content/uploads/2020/09/20130712165015-DB_Squat_1-300x169.jpg]
[brunoperetti.com.br/wp-content/uploads/2020/09/5202-231x300.jpg]
[brunoperetti.com.br/wp-content/uploads/2020/09/download.jpg]
[www.blogger.com/static/v1/jsbin/1639926472-comment_from_post_iframe.js]
[brunoperettiblog.blogspot.com/2021/06/empresa-sim-voce-e-uma-empresa-21082017.html]
[brunoperettiblog.blogspot.com/2021/06/4-exercicios-para-tornear-o-bumbum.html]
[brunoperettiblog.blogspot.com/2021/06/atividade-fisica-e-psicologia-21082017.html]
[brunoperettiblog.blogspot.com/feeds/2789727951284182867/comments/default]
[brunoperetti.com.br/wp-content/uploads/2020/07/Dica-de-ouro-para-a-pele-perfeita-1.png]
[brunoperetti.com.br/wp-content/uploads/2020/07/reduzir-a-cintura-500x334-1-300x200.jpg]
[brunoperetti.com.br/wp-content/uploads/2020/07/Salsinha-300x160.jpg]
[brunoperetti.com.br/wp-content/uploads/2020/07/Linhaça-300x172.jpg]
[brunoperetti.com.br/wp-content/uploads/2020/07/Aveia-300x200.jpg]
[brunoperetti.com.br/wp-content/uploads/2020/07/Amendoas.jpg]
[brunoperetti.com.br/wp-content/uploads/2020/07/Limão-300x200.jpg]
[www.google.com/js/bg/PZfOyj4xFlvfkOkfp5feEiOUCLUvJisoBEa2LTZNU5M.js]
[brunoperettiblog.blogspot.com/b/csic947.js]
[brunoperettiblog.blogspot.com/2021/06/quer-afinar-cintura-5-alimentos-que.html]
[brunoperettiblog.blogspot.com/feeds/4874801381663019043/comments/default]
[brunoperetti.com.br/wp-content/uploads/2020/07/Crise-da-meia-idade-saiba-como-lidar.png]
[brunoperetti.com.br/wp-content/uploads/2020/07/featuredImageId94240-1-700x528-1-300x226.jpg]
[brunoperetti.com.br/wp-content/uploads/2020/07/Middle-aged-425115-300x178.jpg]
[brunoperettiblog.blogspot.com/2021/06/crise-da-meia-idade-saiba-como-lidar.html]
[brunoperettiblog.blogspot.com/feeds/4626573345475573691/comments/default]
[brunoperetti.com.br/wp-content/uploads/2020/07/Dica-de-ouro-para-a-pele-perfeita.png]
[brunoperettiblog.blogspot.com/2021/06/como-emagrecer-depois-dos-30-anos.html]
[brunoperettiblog.blogspot.com/feeds/2080149585712146712/comments/default]
[brunoperetti.com.br/wp-content/uploads/2020/07/CHEGA-DE-gritaR-para-o-universo_-OU-EU-“TO-AQUI”.png]
[brunoperetti.com.br/wp-content/uploads/2020/07/MEIA-IDADE-300x300.png]
[brunoperettiblog.blogspot.com/2021/06/exercicio-na-meia-idade-chega-de-gritar.html]
[brunoperettiblog.blogspot.com/feeds/3841529946280151258/comments/default]
[brunoperetti.com.br/wp-content/uploads/2020/07/quais-as-vantagens-do-treino-personalizado.png]
[brunoperettiblog.blogspot.com/2021/06/vantagens-do-treino-personalizado.html]
[brunoperettiblog.blogspot.com/feeds/3414662355936036878/comments/default]
[brunoperetti.com.br/wp-content/uploads/2020/07/a-importancia-do-treino-personalizado.png]
[brunoperetti.com.br/wp-content/uploads/2017/08/MAT8869-300x200.jpg]
[brunoperettiblog.blogspot.com/2021/06/a-importancia-do-treino-personalizado.html]
[brunoperettiblog.blogspot.com/2021/06/o-que-e-o-personal-trainer-06072020-por.html]
[brunoperettiblog.blogspot.com/2021/06/qual-importancia-do-personal-trainer.html]
[brunoperettiblog.blogspot.com/2021/06/o-que-e-meia-idade-e-as-mudancas-que.html]
[brunoperettiblog.blogspot.com/2021/06/atividade-fisica-como-reabilitacao-para.html]
[brunoperettiblog.blogspot.com/2021/06/emagrecimento-depois-dos-30-anos.html]
[brunoperettiblog.blogspot.com/2021/06/10-dias-para-acelerar-seu-metabolismo.html]
[brunoperettiblog.blogspot.com/2021/06/lembre-se-cuidados-da-alimentacao.html]
[brunoperettiblog.blogspot.com/search1c3f.html]
[brunoperettiblog.blogspot.com/search577a.html]
[brunoperettiblog.blogspot.com/2021/06/por-que-ter-um-personal-trainer.html]
[brunoperettiblog.blogspot.com/2021/06/index.html]
[brunoperettiblog.blogspot.com/2021/06/https.html]
[www.blogger.com/dyn-css/authorization2619.css]
[brunoperettiblog.blogspot.com/search942e.html]
[brunoperettiblog.blogspot.com/feeds/5258290032182212672/comments/default]
[brunoperetti.com.br/wp-content/uploads/2017/08/man-2037255.jpg]
[brunoperettiblog.blogspot.com/2021/06/empresa-sim-voce-e-uma-empresa-21082017.html]
[brunoperettiblog.blogspot.com/feeds/3523535807676369093/comments/default]
[brunoperetti.com.br/wp-content/uploads/2017/08/head-196541_640.jpg]
[brunoperettiblog.blogspot.com/2021/06/atividade-fisica-e-psicologia-21082017.html]
[brunoperetti.com.br/wp-content/uploads/2020/07/Dica-de-ouro-para-a-pele-perfeita.png]
[brunoperetti.com.br/wp-content/uploads/2020/07/CHEGA-DE-gritaR-para-o-universo_-OU-EU-“TO-AQUI”.png]
[brunoperettiblog.blogspot.com/feeds/2635968161916652857/comments/default]
[brunoperetti.com.br/wp-content/uploads/2017/08/maxresdefault.jpg]
[brunoperettiblog.blogspot.com/2021/06/o-que-e-o-personal-trainer-06072020-por.html]
[brunoperettiblog.blogspot.com/feeds/3953590155444862429/comments/default]
[brunoperetti.com.br/wp-content/uploads/2020/07/a-Importancia-do-personal-trainer.png]
[brunoperetti.com.br/wp-content/uploads/2020/07/fundos-de-investimentos_como-funcionam-300x181.jpg]
[brunoperettiblog.blogspot.com/2021/06/qual-importancia-do-personal-trainer.html]
[brunoperettiblog.blogspot.com/feeds/8811353961038272298/comments/default]
[brunoperetti.com.br/wp-content/uploads/2020/07/Você-sabe-se-está-na-meia-idade.png]
[brunoperetti.com.br/wp-content/uploads/2017/09/lose-weight-1968908_960_720-300x162.jpg]
[brunoperetti.com.br/wp-content/uploads/2020/07/drink-com-cerveja-300x99.jpg]
[brunoperettiblog.blogspot.com/2021/06/o-que-e-meia-idade-e-as-mudancas-que.html]
[brunoperettiblog.blogspot.com/feeds/2299436958332409083/comments/default]
[brunoperetti.com.br/wp-content/uploads/2017/08/wheelchair-2090900_640.jpg]
[brunoperetti.com.br/wp-content/uploads/2020/07/reabilitação-300x200.jpg]
[brunoperetti.com.br/wp-content/uploads/2020/07/Reabilitação-1.jpg]
[brunoperettiblog.blogspot.com/2021/06/atividade-fisica-como-reabilitacao-para.html]
[brunoperettiblog.blogspot.com/feeds/3374623858020190831/comments/default]
[brunoperetti.com.br/wp-content/uploads/2020/07/21011-1.jpg]
[brunoperetti.com.br/wp-content/uploads/2020/07/mulherbalanca-300x169.jpg]
[brunoperettiblog.blogspot.com/2021/06/emagrecimento-depois-dos-30-anos.html]
[brunoperettiblog.blogspot.com/feeds/2593819571537467447/comments/default]
[brunoperetti.com.br/wp-content/uploads/2017/08/dna-163466_960_720.jpg]
[brunoperettiblog.blogspot.com/2021/06/10-dias-para-acelerar-seu-metabolismo.html]
[brunoperettiblog.blogspot.com/feeds/1182075745834084285/comments/default]
[brunoperetti.com.br/wp-content/uploads/2017/08/tape-403586_640.jpg]
[brunoperettiblog.blogspot.com/2021/06/lembre-se-cuidados-da-alimentacao.html]
[brunoperettiblog.blogspot.com/2021/06/lembre-se-antes-de-iniciar-as.html]
[brunoperettiblog.blogspot.com/2021/06/alimentos-funcionais-no-brasil-21082017.html]
[brunoperettiblog.blogspot.com/2021/06/alimentacao-funcional-e-emagrecimento.html]
[brunoperettiblog.blogspot.com/2021/06/conheca-o-beneficio-de-alguns-alimentos.html]
[brunoperettiblog.blogspot.com/2021/06/alimentacao-funcional-voce-sabe-o-que-e.html]
[brunoperettiblog.blogspot.com/2021/06/depressao-e-exercicio-fisico-21082017.html]
[brunoperettiblog.blogspot.com/search577a.html]
[brunoperettiblog.blogspot.com/searcha921.html]
[brunoperettiblog.blogspot.com/feeds/8092908208741819721/comments/default]
[brunoperetti.com.br/wp-content/uploads/2020/07/Por-que-ter-um-personal-trainer.png]
[brunoperettiblog.blogspot.com/2021/06/por-que-ter-um-personal-trainer.html]
[brunoperettiblog.blogspot.com/search942e.html]
[brunoperettiblog.blogspot.com/search509c.html]
[brunoperettiblog.blogspot.com/feeds/9172954827649617964/comments/default]
[brunoperetti.com.br/wp-content/uploads/2017/08/blood-pressure-1006791_640.jpg]
[brunoperettiblog.blogspot.com/2021/06/lembre-se-antes-de-iniciar-as.html]
[brunoperettiblog.blogspot.com/feeds/6490123385868337827/comments/default]
[brunoperetti.com.br/wp-content/uploads/2017/08/apple-2391_960_720.jpg]
[brunoperettiblog.blogspot.com/2021/06/alimentos-funcionais-no-brasil-21082017.html]
[brunoperettiblog.blogspot.com/feeds/1339583964761091329/comments/default]
[brunoperetti.com.br/wp-content/uploads/2017/08/alimentos_funcionais.jpg]
[brunoperettiblog.blogspot.com/2021/06/alimentacao-funcional-e-emagrecimento.html]
[brunoperettiblog.blogspot.com/feeds/697474586414839608/comments/default]
[brunoperetti.com.br/wp-content/uploads/2017/08/chilli-2371498_960_720.jpg]
[brunoperettiblog.blogspot.com/2021/06/conheca-o-beneficio-de-alguns-alimentos.html]
[brunoperettiblog.blogspot.com/feeds/5414340989913522909/comments/default]
[brunoperetti.com.br/wp-content/uploads/2017/08/nutricao.png]
[brunoperettiblog.blogspot.com/2021/06/alimentacao-funcional-voce-sabe-o-que-e.html]
[brunoperettiblog.blogspot.com/feeds/6320929063034985629/comments/default]
[brunoperetti.com.br/wp-content/uploads/2020/07/Depressão-e-atividade-física.png]
[brunoperetti.com.br/wp-content/uploads/2017/08/download-1-300x111.jpg]
[brunoperettiblog.blogspot.com/2021/06/depressao-e-exercicio-fisico-21082017.html]
[brunoperettiblog.blogspot.com/searcha921.html]
[brunoperettiblog.blogspot.com/search509c.html]
